Símbolo         Valor Decimal   Valor Hexadecimal
-------         -------------   -----------------
PROGRAMA                    0                   0
APP                     32768                8000
PERIFERICOS16           65408                FF80
PERIFERICOS8            65472                FFC0
ENDERECO1               32512                7F00
ENDERECO2               32514                7F02
STACK                   65408                FF80
IVET                    65470                FFBE
TIMDT                   65495                FFD7
INTS                    65496                FFD8
INTE                    65497                FFD9
TECST                   65498                FFDA
TECDT                   65499                FFDB
VISOR                   65500                FFDC
PROGRAMA1                  16                  10
TECLA                      36                  24
LOOP_RELOGIO               37                  25
LOOP_RESET                 49                  31
MAIN                       57                  39
LOOP_MAIN                  63                  3F
FIM                       121                  79
LOOP_RESET_FIM            129                  81
DSPDEC                    162                  A2
DSPDEC_2                  164                  A4
DSPDEC_1                  178                  B2
RELOGIO                   193                  C1
HORA                      193                  C1
MINUTO                    195                  C3
SEGUNDO                   197                  C5
DECIMOS                   199                  C7
SAIDA                     201                  C9
ISR                       202                  CA
ISR2                      254                  FE
ISRTIM                    267                 10B
ISRTIM_FIM                331                 14B
ISRTEC                    332                 14C
INCREMENTA_MINUTOS        382                 17E
INCREMENTA_HORAS          398                 18E
ZERA_HORAS                414                 19E
ISRTEC_FIM                426                 1AA
FIM_TIMER                 431                 1AF
PROGRAMA2                 441                 1B9
LOOP_RESET_TECLADO        469                 1D5
MAIN_TECLADO              485                 1E5
LOOP_MAIN_TECLADO         501                 1F5
PROGRAMA2_FIM             547                 223
LIMPA_VISOR               555                 22B
TECLA2                    571                 23B
ISRTECLADO                573                 23D
ISR2TECLADO_TIMERINTERRUPT      605                 25D
ISR2TECLADO               629                 275
ISRTEC_TECLADO            638                 27E
ISRTEC_1                  652                 28C
ISRTEC_FIM_TECLADO        656                 290
ISRTIMERFUNC2             657                 291
CURSOR_VISIVEL            671                 29F
CURSOR_DONE               677                 2A5
