Símbolo         Valor Decimal   Valor Hexadecimal
-------         -------------   -----------------
PROGRAMA                    0                   0
APP                     32768                8000
PERIFERICOS16           65408                FF80
PERIFERICOS8            65472                FFC0
ENDERECO1               32512                7F00
STACK                   65408                FF80
IVET                    65470                FFBE
TIMDT                   65495                FFD7
INTS                    65496                FFD8
INTE                    65497                FFD9
TECST                   65498                FFDA
TECDT                   65499                FFDB
VISOR                   65500                FFDC
PROGRAMA1                  16                  10
TECLA                      36                  24
LOOP_RELOGIO               37                  25
LOOP_RESET                 49                  31
MAIN                       57                  39
LOOP_MAIN                  63                  3F
FIM                       121                  79
DSPDEC                    122                  7A
DSPDEC_2                  124                  7C
DSPDEC_1                  138                  8A
RELOGIO                   153                  99
HORA                      153                  99
MINUTO                    155                  9B
SEGUNDO                   157                  9D
DECIMOS                   159                  9F
SAIDA                     161                  A1
ISR                       162                  A2
ISR2                      214                  D6
ISRTIM                    227                  E3
ISRTIM_FIM                291                 123
ISRTEC                    292                 124
INCREMENTA_MINUTOS        342                 156
INCREMENTA_HORAS          358                 166
ZERA_HORAS                374                 176
ISRTEC_FIM                386                 182
FIM_TIMER                 391                 187
