Símbolo         Valor Decimal   Valor Hexadecimal
-------         -------------   -----------------
PROGRAMA                    0                   0
APP                     32768                8000
PERIFERICOS16           65408                FF80
PERIFERICOS8            65472                FFC0
STACK                   32512                7F00
ENDERECO1               32512                7F00
ENDERECO2               32514                7F02
ENDERECO3               32516                7F04
IVET                    65470                FFBE
TIMDT                   65495                FFD7
INTS                    65496                FFD8
INTE                    65497                FFD9
TECST                   65498                FFDA
TECDT                   65499                FFDB
VISOR                   65500                FFDC
PROGRAMA1                  16                  10
TECLA                      36                  24
LOOP_RELOGIO               37                  25
LOOP_RESET                 49                  31
MAIN                       57                  39
LOOP_MAIN                  63                  3F
FIM                       121                  79
LOOP_RESET_FIM            129                  81
DSPDEC                    162                  A2
DSPDEC_2                  164                  A4
DSPDEC_1                  178                  B2
RELOGIO                   193                  C1
HORA                      193                  C1
MINUTO                    195                  C3
SEGUNDO                   197                  C5
DECIMOS                   199                  C7
SAIDA                     201                  C9
ISR                       202                  CA
ISR2                      254                  FE
ISRTIM                    267                 10B
ISRTIM_FIM                331                 14B
ISRTEC                    332                 14C
INCREMENTA_MINUTOS        382                 17E
INCREMENTA_HORAS          398                 18E
ZERA_HORAS                414                 19E
ISRTEC_FIM                426                 1AA
FIM_TIMER                 431                 1AF
PROGRAMA2                 441                 1B9
LOOP_RESET_TECLADO        469                 1D5
MAIN_TECLADO              485                 1E5
LOOP_MAIN_TECLADO         501                 1F5
RESTOMAIN2                541                 21D
FIM2SKIP                  583                 247
LIMPA_VISOR               587                 24B
LOOP_RESET_TECLADO_FIM      595                 253
CTRL_J2                   604                 25C
LOOP_RESET2               612                 264
CTRL_M2                   630                 276
BACKSPACE                 648                 288
FIM2                      674                 2A2
LOOP_RESET_FIM2           682                 2AA
JMP_MAIN                  723                 2D3
TECLA2                    731                 2DB
TECLA2AUXILIAR            733                 2DD
POSICAO_CURSOR            735                 2DF
ISRTECLADO                737                 2E1
ISR2TECLADO_TIMERINTERRUPT      769                 301
ISR2TECLADO               793                 319
ISRTEC_TECLADO            802                 322
ISRTEC_1                  816                 330
ISRTEC_FIM_TECLADO        820                 334
ISRTIMERFUNC2             821                 335
CURSOR_VISIVEL            833                 341
SKIP                      845                 34D
CURSOR_DONE               849                 351
PROGRAMA3                 850                 352
LOOP_RESET_TECLADO3       882                 372
MAIN_TECLADO3             890                 37A
LOOP_MAIN_TECLADO3        906                 38A
SKIPFIMPROGRAMA3         1004                 3EC
CTRL_M3                  1008                 3F0
JMP_VELOCIDADE0          1038                 40E
JMP_VELOCIDADE1          1042                 412
JMP_VELOCIDADE2          1046                 416
JMP_VELOCIDADE3          1050                 41A
JMP_VELOCIDADE4          1054                 41E
JMP_VELOCIDADE5          1058                 422
JMP_VELOCIDADE6          1062                 426
JMP_VELOCIDADE7          1066                 42A
JMP_VELOCIDADE8          1070                 42E
JMP_VELOCIDADE9          1074                 432
VELOCIDADE0              1078                 436
VELOCIDADE1              1100                 44C
VELOCIDADE2              1122                 462
VELOCIDADE3              1144                 478
VELOCIDADE4              1166                 48E
VELOCIDADE5              1188                 4A4
VELOCIDADE6              1210                 4BA
VELOCIDADE7              1232                 4D0
VELOCIDADE8              1254                 4E6
VELOCIDADE9              1276                 4FC
CONTADOR                 1298                 512
CONTADORAUX              1300                 514
TECLA3                   1302                 516
ISRTECLADO3              1304                 518
ISRTEC_TECLADO3          1336                 538
ISR3TECLADO              1360                 550
ISRTEC_FUNC3             1369                 559
ISRTEC_3                 1383                 567
ISRTEC_FIM_TECLADO3      1387                 56B
ISRTIMERFUNC3            1388                 56C
RESET_COUNTER            1398                 576
ISRTIMERFUNC3_FIM        1416                 588
FIMPROGRAMA3             1417                 589
LOOP_RESET_FIM3          1425                 591
