Símbolo         Valor Decimal   Valor Hexadecimal
-------         -------------   -----------------
STACK                   32512                7F00
ENDERECO1               32512                7F00
ENDERECO2               32514                7F02
ENDERECO3               32516                7F04
IVET                    65470                FFBE
TIMDT                   65495                FFD7
INTS                    65496                FFD8
INTE                    65497                FFD9
TECST                   65498                FFDA
TECDT                   65499                FFDB
VISOR                   65500                FFDC
PROGRAMA1                  16                  10
TECLA                      36                  24
LOOP_RELOGIO               37                  25
LOOP_RESET                 49                  31
MAIN                       57                  39
LOOP_MAIN                  63                  3F
FIM                       121                  79
LOOP_RESET_FIM            129                  81
DSPDEC                    162                  A2
DSPDEC_2                  164                  A4
DSPDEC_1                  178                  B2
RELOGIO                   193                  C1
HORA                      193                  C1
MINUTO                    195                  C3
SEGUNDO                   197                  C5
DECIMOS                   199                  C7
SAIDA                     201                  C9
ISR                       202                  CA
ISR2                      254                  FE
ISRTIM                    267                 10B
ISRTIM_FIM                331                 14B
ISRTEC                    332                 14C
INCREMENTA_MINUTOS        382                 17E
INCREMENTA_HORAS          398                 18E
ZERA_HORAS                414                 19E
ISRTEC_FIM                426                 1AA
FIM_TIMER                 431                 1AF
PROGRAMA2                 441                 1B9
LOOP_RESET_TECLADO        469                 1D5
MAIN_TECLADO              485                 1E5
LOOP_MAIN_TECLADO         501                 1F5
FIM2SKIP                  583                 247
LIMPA_VISOR               587                 24B
LOOP_RESET_TECLADO_FIM      595                 253
CTRL_J2                   604                 25C
LOOP_RESET2               612                 264
CTRL_M2                   630                 276
BACKSPACE                 648                 288
JMP_MAIN                  674                 2A2
TECLA2                    682                 2AA
TECLA2AUXILIAR            684                 2AC
POSICAO_CURSOR            686                 2AE
ISRTECLADO                688                 2B0
ISR2TECLADO_TIMERINTERRUPT      720                 2D0
ISR2TECLADO               744                 2E8
ISRTEC_TECLADO            753                 2F1
ISRTEC_1                  767                 2FF
ISRTEC_FIM_TECLADO        771                 303
ISRTIMERFUNC2             772                 304
CURSOR_VISIVEL            784                 310
SKIP                      796                 31C
CURSOR_DONE               800                 320
FIM2                      801                 321
LOOP_RESET_FIM2           809                 329
PROGRAMA3                 850                 352
LOOP_RESET_TECLADO3       882                 372
MAIN_TECLADO3             890                 37A
LOOP_MAIN_TECLADO3        906                 38A
CTRL_M3                  1004                 3EC
SKIPFIMPROGRAMA3         1028                 404
JMP_SET_VELOCIDADE0      1032                 408
JMP_SET_VELOCIDADE1      1036                 40C
JMP_SET_VELOCIDADE2      1040                 410
JMP_SET_VELOCIDADE3      1044                 414
JMP_SET_VELOCIDADE4      1048                 418
JMP_SET_VELOCIDADE5      1052                 41C
JMP_SET_VELOCIDADE6      1056                 420
JMP_SET_VELOCIDADE7      1060                 424
JMP_SET_VELOCIDADE8      1064                 428
JMP_SET_VELOCIDADE9      1068                 42C
SET_VELOCIDADE0          1072                 430
SET_VELOCIDADE1          1082                 43A
SET_VELOCIDADE2          1092                 444
SET_VELOCIDADE3          1102                 44E
SET_VELOCIDADE4          1112                 458
SET_VELOCIDADE5          1122                 462
SET_VELOCIDADE6          1132                 46C
SET_VELOCIDADE7          1142                 476
SET_VELOCIDADE8          1152                 480
SET_VELOCIDADE9          1162                 48A
ATUALIZA_VELOCIDADE      1172                 494
CONTADOR                 1188                 4A4
CONTADORAUX              1190                 4A6
TECLA3                   1192                 4A8
ISRTECLADO3              1194                 4AA
ISRTEC_TECLADO3          1226                 4CA
ISR3TECLADO              1250                 4E2
ISRTEC_FUNC3             1259                 4EB
ISRTEC_3                 1273                 4F9
ISRTIMERFUNC3            1278                 4FE
RESETA_CONTADOR          1290                 50A
ISRTIMERFUNC3_FIM        1306                 51A
FIMPROGRAMA3             1307                 51B
LOOP_RESET_FIM3          1315                 523
