Símbolo         Valor Decimal   Valor Hexadecimal
-------         -------------   -----------------
STACK                   32512                7F00
ENDERECO1               32512                7F00
ENDERECO2               32514                7F02
ENDERECO3               32516                7F04
IVET                    65470                FFBE
TIMDT                   65495                FFD7
INTS                    65496                FFD8
INTE                    65497                FFD9
TECST                   65498                FFDA
TECDT                   65499                FFDB
VISOR                   65500                FFDC
PROGRAMA1                  16                  10
TECLA                      36                  24
LOOP_RELOGIO               37                  25
LOOP_RESET                 49                  31
MAIN                       57                  39
LOOP_MAIN                  63                  3F
FIM                       121                  79
LOOP_RESET_FIM            129                  81
DSPDEC                    162                  A2
DSPDEC_2                  164                  A4
DSPDEC_1                  178                  B2
RELOGIO                   193                  C1
HORA                      193                  C1
MINUTO                    195                  C3
SEGUNDO                   197                  C5
DECIMOS                   199                  C7
SAIDA                     201                  C9
ISR                       202                  CA
ISR2                      254                  FE
ISRTIM                    267                 10B
ISRTIM_FIM                331                 14B
ISRTEC                    332                 14C
INCREMENTA_MINUTOS        382                 17E
INCREMENTA_HORAS          398                 18E
ZERA_HORAS                414                 19E
ISRTEC_FIM                426                 1AA
FIM_TIMER                 431                 1AF
PROGRAMA2                 441                 1B9
LOOP_RESET_TECLADO        469                 1D5
MAIN_TECLADO              485                 1E5
LOOP_MAIN_TECLADO         501                 1F5
RESTOMAIN2                541                 21D
FIM2SKIP                  583                 247
LIMPA_VISOR               587                 24B
LOOP_RESET_TECLADO_FIM      595                 253
CTRL_J2                   604                 25C
LOOP_RESET2               612                 264
CTRL_M2                   630                 276
BACKSPACE                 648                 288
JMP_MAIN                  674                 2A2
TECLA2                    682                 2AA
TECLA2AUXILIAR            684                 2AC
POSICAO_CURSOR            686                 2AE
ISRTECLADO                688                 2B0
ISR2TECLADO_TIMERINTERRUPT      720                 2D0
ISR2TECLADO               744                 2E8
ISRTEC_TECLADO            753                 2F1
ISRTEC_1                  767                 2FF
ISRTEC_FIM_TECLADO        771                 303
ISRTIMERFUNC2             772                 304
CURSOR_VISIVEL            784                 310
SKIP                      796                 31C
CURSOR_DONE               800                 320
FIM2                      801                 321
LOOP_RESET_FIM2           809                 329
PROGRAMA3                 850                 352
LOOP_RESET_TECLADO3       882                 372
MAIN_TECLADO3             890                 37A
LOOP_MAIN_TECLADO3        906                 38A
CTRL_M3                  1002                 3EA
SET_VELOCIDADE0          1026                 402
SET_VELOCIDADE1          1036                 40C
SET_VELOCIDADE2          1046                 416
SET_VELOCIDADE3          1056                 420
SET_VELOCIDADE4          1066                 42A
SET_VELOCIDADE5          1076                 434
SET_VELOCIDADE6          1086                 43E
SET_VELOCIDADE7          1096                 448
SET_VELOCIDADE8          1106                 452
SET_VELOCIDADE9          1116                 45C
UPDATE_VELOCIDADE        1126                 466
CONTADOR                 1142                 476
CONTADORAUX              1144                 478
TECLA3                   1146                 47A
ISRTECLADO3              1148                 47C
ISRTEC_TECLADO3          1180                 49C
ISR3TECLADO              1204                 4B4
ISRTEC_FUNC3             1213                 4BD
ISRTEC_3                 1227                 4CB
ISRTIMERFUNC3            1232                 4D0
RESET_COUNTER            1244                 4DC
ISRTIMERFUNC3_FIM        1260                 4EC
FIMPROGRAMA3             1261                 4ED
LOOP_RESET_FIM3          1269                 4F5
