Símbolo         Valor Decimal   Valor Hexadecimal
-------         -------------   -----------------
PROGRAMA                    0                   0
APP                     32768                8000
PERIFERICOS16           65408                FF80
PERIFERICOS8            65472                FFC0
STACK                   65408                FF80
IVET                    65470                FFBE
TIMDT                   65495                FFD7
INTS                    65496                FFD8
INTE                    65497                FFD9
TECST                   65498                FFDA
TECDT                   65499                FFDB
VISOR                   65500                FFDC
TECLA                      32                  20
LOOP_RELOGIO               33                  21
LOOP_RESET                 45                  2D
MAIN                       53                  35
LOOP_MAIN                  59                  3B
DSPDEC                    109                  6D
DSPDEC_2                  111                  6F
DSPDEC_1                  125                  7D
RELOGIO                   140                  8C
HORA                      140                  8C
MINUTO                    142                  8E
SEGUNDO                   144                  90
DECIMOS                   146                  92
ISR                       148                  94
ISR2                      200                  C8
ISRTIM                    213                  D5
ISRTIM_FIM                277                 115
ISRTEC                    278                 116
INCREMENTA_MINUTOS        310                 136
INCREMENTA_HORAS          326                 146
ISRTEC_FIM                342                 156
