Símbolo         Valor Decimal   Valor Hexadecimal
-------         -------------   -----------------
STACK                   32512                7F00
ENDERECO1               32512                7F00
ENDERECO2               32514                7F02
ENDERECO3               32516                7F04
IVET                    65470                FFBE
TIMDT                   65495                FFD7
INTS                    65496                FFD8
INTE                    65497                FFD9
TECST                   65498                FFDA
TECDT                   65499                FFDB
VISOR                   65500                FFDC
PROGRAMA1                  16                  10
TECLA                      36                  24
LOOP_RELOGIO               37                  25
LOOP_RESET                 49                  31
MAIN                       57                  39
LOOP_MAIN                  63                  3F
FIM                       121                  79
LOOP_RESET_FIM            129                  81
DSPDEC                    162                  A2
DSPDEC_2                  164                  A4
DSPDEC_1                  178                  B2
RELOGIO                   193                  C1
HORA                      193                  C1
MINUTO                    195                  C3
SEGUNDO                   197                  C5
DECIMOS                   199                  C7
SAIDA                     201                  C9
ISR                       202                  CA
ISR2                      254                  FE
ISRTIM                    267                 10B
ISRTIM_FIM                331                 14B
ISRTEC                    332                 14C
INCREMENTA_MINUTOS        382                 17E
INCREMENTA_HORAS          398                 18E
ZERA_HORAS                414                 19E
ISRTEC_FIM                426                 1AA
FIM_TIMER                 431                 1AF
PROGRAMA2                 441                 1B9
LOOP_RESET_TECLADO        469                 1D5
MAIN_TECLADO              485                 1E5
LOOP_MAIN_TECLADO         501                 1F5
RESTOMAIN2                541                 21D
FIM2SKIP                  583                 247
LIMPA_VISOR               587                 24B
LOOP_RESET_TECLADO_FIM      595                 253
CTRL_J2                   604                 25C
LOOP_RESET2               612                 264
CTRL_M2                   630                 276
BACKSPACE                 648                 288
JMP_MAIN                  674                 2A2
TECLA2                    682                 2AA
TECLA2AUXILIAR            684                 2AC
POSICAO_CURSOR            686                 2AE
ISRTECLADO                688                 2B0
ISR2TECLADO_TIMERINTERRUPT      720                 2D0
ISR2TECLADO               744                 2E8
ISRTEC_TECLADO            753                 2F1
ISRTEC_1                  767                 2FF
ISRTEC_FIM_TECLADO        771                 303
ISRTIMERFUNC2             772                 304
CURSOR_VISIVEL            784                 310
SKIP                      796                 31C
CURSOR_DONE               800                 320
FIM2                      801                 321
LOOP_RESET_FIM2           809                 329
PROGRAMA3                 850                 352
LOOP_RESET_TECLADO3       882                 372
MAIN_TECLADO3             890                 37A
LOOP_MAIN_TECLADO3        906                 38A
CTRL_M3                  1002                 3EA
JMP_VELOCIDADE0          1026                 402
JMP_VELOCIDADE1          1030                 406
JMP_VELOCIDADE2          1034                 40A
JMP_VELOCIDADE3          1038                 40E
JMP_VELOCIDADE4          1042                 412
JMP_VELOCIDADE5          1046                 416
JMP_VELOCIDADE6          1050                 41A
JMP_VELOCIDADE7          1054                 41E
JMP_VELOCIDADE8          1058                 422
JMP_VELOCIDADE9          1062                 426
VELOCIDADE0              1066                 42A
VELOCIDADE1              1088                 440
VELOCIDADE2              1110                 456
VELOCIDADE3              1132                 46C
VELOCIDADE4              1154                 482
VELOCIDADE5              1176                 498
VELOCIDADE6              1198                 4AE
VELOCIDADE7              1220                 4C4
VELOCIDADE8              1242                 4DA
VELOCIDADE9              1264                 4F0
CONTADOR                 1286                 506
CONTADORAUX              1288                 508
TECLA3                   1290                 50A
ISRTECLADO3              1292                 50C
ISRTEC_TECLADO3          1324                 52C
ISR3TECLADO              1348                 544
ISRTEC_FUNC3             1357                 54D
ISRTEC_3                 1371                 55B
ISRTEC_FIM_TECLADO3      1375                 55F
ISRTIMERFUNC3            1376                 560
RESET_COUNTER            1386                 56A
ISRTIMERFUNC3_FIM        1404                 57C
FIMPROGRAMA3             1405                 57D
LOOP_RESET_FIM3          1413                 585
